// Jest Snapshot v1, https://goo.gl/fbAQLP

exports[`Home Component should render with given state from Redux store 1`] = `
<div>
  <div />
</div>
`;
