// Jest Snapshot v1, https://goo.gl/fbAQLP

exports[`DetailPage Component should render correctly 1`] = `
<div>
  <div>
    <div
      className="container"
    >
      <img
        alt="this is a clicked item"
        className="image"
        onError={[Function]}
        src=""
      />
      <div
        className="text"
      >
        <h2
          className="header"
        >
          this is a clicked item
        </h2>
        <div
          dangerouslySetInnerHTML={
            Object {
              "__html": "This is a test summary",
            }
          }
        />
      </div>
    </div>
  </div>
  <button
    aria-label="Close"
    className="button close"
    onClick={[Function]}
    type="button"
  >
    <span
      aria-hidden={true}
    >
      Ã—
    </span>
  </button>
</div>
`;
